val it = () : unit
val match1 = true : bool
val match2 = false : bool
val match3 = true : bool
val match4 = true : bool
val match5 = true : bool
val match6 = true : bool
- 
