true.

L = [[[empty, bt(4, [bt(5, [])])]]].

L = [[[empty, empty, bt(3, [bt(4, [bt(5, [])]), bt(2, [])])]]].


L = [[[bt(1, []), empty, bt(3, [bt(4, [bt(5, [])]), bt(2, [])])]]].


