true.

L = [[[empty, bt(3, [bt(4, [])])]]].


L = [[[bt(10, []), bt(3, [bt(4, [])])]]].


