true.

L = [[3, [bt(4, [])]]].


L = [[4, []]].


